// Vitest Snapshot v1, https://vitest.dev/guide/snapshot.html

exports[`HelloWorld > renders properly 1`] = `
"<div class="container mt-5">
  <div class="card">
    <div class="card-body">
      <h5 class="card-title">Home</h5>
      <p class="card-text">lipsum</p>
    </div>
  </div>
</div>"
`;

exports[`Render home page > renders properly 1`] = `
"<div class="container mt-5">
  <div class="card">
    <div class="card-body">
      <h5 class="card-title">Home</h5>
      <p class="card-text">lipsum</p>
    </div>
  </div>
</div>"
`;

exports[`Render test > renders properly 1`] = `
"<div class="container mt-5">
  <div class="card">
    <div class="card-body">
      <h5 class="card-title">Home</h5>
      <p class="card-text">lipsum</p>
    </div>
  </div>
</div>"
`;
